2025-07-14T12:26:04.981591Z DESKTOP-19SQ3SL shtest_compiler[3392]: [DEBUG] ENTRYPOINT DEBUG ACTIVE: src/shtest_compiler/shtest.py loaded
2025-07-14T12:26:04.981591Z DESKTOP-19SQ3SL shtest_compiler[3392]: [DEBUG] Loaded patterns: ['step', 'action_result', 'action_only', 'result_only', 'comment']
2025-07-14T12:26:04.981591Z DESKTOP-19SQ3SL shtest_compiler[3392]: [DEBUG] Pattern for step: ^(?:Étape|Etape|Step)\s*:\s*(.*)$
2025-07-14T12:26:04.981591Z DESKTOP-19SQ3SL shtest_compiler[3392]: [DEBUG] Pattern for action_result: ^Action\s*:\s*(.*?)(?:\s*;\s*(?:R[ée]sultat|Resultat)\s*:\s*(.*)|\s*R[ée]sultat\s*:\s*(.*))$
2025-07-14T12:26:04.981591Z DESKTOP-19SQ3SL shtest_compiler[3392]: [DEBUG] Pattern for action_only: ^Action\s*:\s*(.*)$
2025-07-14T12:26:04.981591Z DESKTOP-19SQ3SL shtest_compiler[3392]: [DEBUG] Pattern for result_only: ^R[ée]sultat\s*:\s*(.*)$
2025-07-14T12:26:04.981591Z DESKTOP-19SQ3SL shtest_compiler[3392]: [DEBUG] Pattern for comment: ^\s*#.*$
2025-07-14T12:26:04.981591Z DESKTOP-19SQ3SL shtest_compiler[3392]: [DEBUG] Added STEP tokenizer with pattern: ^(?:Étape|Etape|Step)\s*:\s*(.*)$
2025-07-14T12:26:04.981591Z DESKTOP-19SQ3SL shtest_compiler[3392]: [DEBUG] Added ACTION_RESULT tokenizer with pattern: ^Action\s*:\s*(.*?)(?:\s*;\s*(?:R[ée]sultat|Resultat)\s*:\s*(.*)|\s*R[ée]sultat\s*:\s*(.*))$
2025-07-14T12:26:04.981591Z DESKTOP-19SQ3SL shtest_compiler[3392]: [DEBUG] Added ACTION_ONLY tokenizer with pattern: ^Action\s*:\s*(.*)$
2025-07-14T12:26:04.981591Z DESKTOP-19SQ3SL shtest_compiler[3392]: [DEBUG] Added RESULT_ONLY tokenizer with pattern: ^R[ée]sultat\s*:\s*(.*)$
2025-07-14T12:26:04.981591Z DESKTOP-19SQ3SL shtest_compiler[3392]: [DEBUG] Added COMMENT tokenizer with pattern: ^\s*#.*$
2025-07-14T12:26:04.981591Z DESKTOP-19SQ3SL shtest_compiler[3392]: [DEBUG] Added FallbackTokenizer
2025-07-14T12:26:04.981591Z DESKTOP-19SQ3SL shtest_compiler[3392]: [DEBUG] Parsing text with 5 lines
2025-07-14T12:26:04.981591Z DESKTOP-19SQ3SL shtest_compiler[3392]: [DEBUG] Lexing text with 5 lines
2025-07-14T12:26:04.981591Z DESKTOP-19SQ3SL shtest_compiler[3392]: [DEBUG] RegexTokenizer.tokenize: Yielding token type=TokenType.STEP, value=Exécution et vérification des logs, result=('Exécution et vérification des logs',), original=Étape: Exécution et vérification des logs at line 1
2025-07-14T12:26:04.981591Z DESKTOP-19SQ3SL shtest_compiler[3392]: [DEBUG] Yielding token: STEP@1:0 'Exécution et vérification des logs' -> '('Exécution et vérification des logs',)'
2025-07-14T12:26:04.981591Z DESKTOP-19SQ3SL shtest_compiler[3392]: [DEBUG] RegexTokenizer.tokenize: Yielding EMPTY token at line 1
2025-07-14T12:26:04.982589Z DESKTOP-19SQ3SL shtest_compiler[3392]: [DEBUG] Yielding token: EMPTY@1:0 ''
2025-07-14T12:26:04.982589Z DESKTOP-19SQ3SL shtest_compiler[3392]: [DEBUG] RegexTokenizer.tokenize: Yielding TEXT token value=Action: exécuter /opt/batch/traitement.sh produit=123 quantité=10 ; Résultat: retour 0 at line 1
2025-07-14T12:26:04.982589Z DESKTOP-19SQ3SL shtest_compiler[3392]: [DEBUG] RegexTokenizer.tokenize: Yielding token type=TokenType.ACTION_RESULT, value=exécuter /opt/batch/traitement.sh produit=123 quantité=10, result=('exécuter /opt/batch/traitement.sh produit=123 quantité=10', 'retour 0', None), original=Action: exécuter /opt/batch/traitement.sh produit=123 quantité=10 ; Résultat: retour 0 at line 1
2025-07-14T12:26:04.982589Z DESKTOP-19SQ3SL shtest_compiler[3392]: [DEBUG] Yielding token: ACTION_RESULT@1:0 'exécuter /opt/batch/traitement.sh produit=123 quantité=10' -> '('exécuter /opt/batch/traitement.sh produit=123 quantité=10', 'retour 0', None)'
2025-07-14T12:26:04.982589Z DESKTOP-19SQ3SL shtest_compiler[3392]: [DEBUG] RegexTokenizer.tokenize: Yielding TEXT token value=Action: vérifier qu'il n'y a pas d'erreurs dans les logs ; Résultat: aucun message d'erreur at line 1
2025-07-14T12:26:04.982589Z DESKTOP-19SQ3SL shtest_compiler[3392]: [DEBUG] RegexTokenizer.tokenize: Yielding token type=TokenType.ACTION_RESULT, value=vérifier qu'il n'y a pas d'erreurs dans les logs, result=("vérifier qu'il n'y a pas d'erreurs dans les logs", "aucun message d'erreur", None), original=Action: vérifier qu'il n'y a pas d'erreurs dans les logs ; Résultat: aucun message d'erreur at line 1
2025-07-14T12:26:04.982589Z DESKTOP-19SQ3SL shtest_compiler[3392]: [DEBUG] Yielding token: ACTION_RESULT@1:0 'vérifier qu'il n'y a pas d'erreurs dans les logs' -> '("vérifier qu'il n'y a pas d'erreurs dans les logs", "aucun message d'erreur", None)'
2025-07-14T12:26:04.982589Z DESKTOP-19SQ3SL shtest_compiler[3392]: [DEBUG] RegexTokenizer.tokenize: Yielding TEXT token value=Action: indiquer le chemin des logs /var/log/system.log ; Résultat: les logs sont accessibles at line 1
2025-07-14T12:26:04.982589Z DESKTOP-19SQ3SL shtest_compiler[3392]: [DEBUG] RegexTokenizer.tokenize: Yielding token type=TokenType.ACTION_RESULT, value=indiquer le chemin des logs /var/log/system.log, result=('indiquer le chemin des logs /var/log/system.log', 'les logs sont accessibles', None), original=Action: indiquer le chemin des logs /var/log/system.log ; Résultat: les logs sont accessibles at line 1
2025-07-14T12:26:04.982589Z DESKTOP-19SQ3SL shtest_compiler[3392]: [DEBUG] Yielding token: ACTION_RESULT@1:0 'indiquer le chemin des logs /var/log/system.log' -> '('indiquer le chemin des logs /var/log/system.log', 'les logs sont accessibles', None)'
2025-07-14T12:26:04.982589Z DESKTOP-19SQ3SL shtest_compiler[3392]: [DEBUG] RegexTokenizer.tokenize: Yielding EMPTY token at line 1
2025-07-14T12:26:04.982589Z DESKTOP-19SQ3SL shtest_compiler[3392]: [DEBUG] Yielding token: EMPTY@1:0 ''
2025-07-14T12:26:04.982589Z DESKTOP-19SQ3SL shtest_compiler[3392]: [DEBUG] Got 6 tokens
2025-07-14T12:26:04.982589Z DESKTOP-19SQ3SL shtest_compiler[3392]: [DEBUG] Grammar: _merge_action_result called with 6 tokens
2025-07-14T12:26:04.982589Z DESKTOP-19SQ3SL shtest_compiler[3392]: [DEBUG] Grammar: Token 0: kind=STEP, value='Exécution et vérification des logs'
2025-07-14T12:26:04.982589Z DESKTOP-19SQ3SL shtest_compiler[3392]: [DEBUG] Grammar: Token 1: kind=EMPTY, value=''
2025-07-14T12:26:04.982589Z DESKTOP-19SQ3SL shtest_compiler[3392]: [DEBUG] Grammar: Token 2: kind=ACTION_RESULT, value='exécuter /opt/batch/traitement.sh produit=123 quantité=10'
2025-07-14T12:26:04.982589Z DESKTOP-19SQ3SL shtest_compiler[3392]: [DEBUG] Grammar: Token 3: kind=ACTION_RESULT, value='vérifier qu'il n'y a pas d'erreurs dans les logs'
2025-07-14T12:26:04.982589Z DESKTOP-19SQ3SL shtest_compiler[3392]: [DEBUG] Grammar: Token 4: kind=ACTION_RESULT, value='indiquer le chemin des logs /var/log/system.log'
2025-07-14T12:26:04.982589Z DESKTOP-19SQ3SL shtest_compiler[3392]: [DEBUG] Grammar: Token 5: kind=EMPTY, value=''
2025-07-14T12:26:04.982589Z DESKTOP-19SQ3SL shtest_compiler[3392]: [DEBUG] Grammar: _merge_action_result returning 6 tokens
2025-07-14T12:26:04.982589Z DESKTOP-19SQ3SL shtest_compiler[3392]: [DEBUG] get_action_shell_command called with: 'exécuter /opt/batch/traitement.sh produit=123 quantité=10'
2025-07-14T12:26:04.982589Z DESKTOP-19SQ3SL shtest_compiler[3392]: [DEBUG] canonize_action: Loaded 21 action patterns
2025-07-14T12:26:04.982589Z DESKTOP-19SQ3SL shtest_compiler[3392]: [DEBUG] canonize_action: Processing action 'exécuter /opt/batch/traitement.sh produit=123 quantité=10' (normalized: 'exécuter /opt/batch/traitement.sh produit=123 quantité=10')
2025-07-14T12:26:04.982589Z DESKTOP-19SQ3SL shtest_compiler[3392]: [DEBUG] canonize_action: Checking pattern 'Créer le dossier {path}' with handler 'create_dir'
2025-07-14T12:26:04.982589Z DESKTOP-19SQ3SL shtest_compiler[3392]: [DEBUG] canonize_action: Testing regex pattern '(?i)^Créer\ le\ dossier\ (.+)$'
2025-07-14T12:26:04.982589Z DESKTOP-19SQ3SL shtest_compiler[3392]: [DEBUG] canonize_action: Checking alias 'créer un dossier {path}'
2025-07-14T12:26:04.982589Z DESKTOP-19SQ3SL shtest_compiler[3392]: [DEBUG] canonize_action: Testing alias regex '(?i)^créer\ un\ dossier\ (.+)$'
2025-07-14T12:26:04.982589Z DESKTOP-19SQ3SL shtest_compiler[3392]: [DEBUG] canonize_action: Checking alias 'faire un dossier {path}'
2025-07-14T12:26:04.982589Z DESKTOP-19SQ3SL shtest_compiler[3392]: [DEBUG] canonize_action: Testing alias regex '(?i)^faire\ un\ dossier\ (.+)$'
2025-07-14T12:26:04.982589Z DESKTOP-19SQ3SL shtest_compiler[3392]: [DEBUG] canonize_action: Checking alias 'nouveau dossier {path}'
2025-07-14T12:26:04.982589Z DESKTOP-19SQ3SL shtest_compiler[3392]: [DEBUG] canonize_action: Testing alias regex '(?i)^nouveau\ dossier\ (.+)$'
2025-07-14T12:26:04.982589Z DESKTOP-19SQ3SL shtest_compiler[3392]: [DEBUG] canonize_action: Checking alias 'cr[ée]er le dossier (.+)'
2025-07-14T12:26:04.982589Z DESKTOP-19SQ3SL shtest_compiler[3392]: [DEBUG] canonize_action: Checking alias '^mkdir (.+)$'
2025-07-14T12:26:04.982589Z DESKTOP-19SQ3SL shtest_compiler[3392]: [DEBUG] canonize_action: Testing regex alias '^mkdir (.+)$'
2025-07-14T12:26:04.983587Z DESKTOP-19SQ3SL shtest_compiler[3392]: [DEBUG] canonize_action: Checking pattern 'Supprimer le dossier {path}' with handler 'delete_dir'
2025-07-14T12:26:04.983587Z DESKTOP-19SQ3SL shtest_compiler[3392]: [DEBUG] canonize_action: Testing regex pattern '(?i)^Supprimer\ le\ dossier\ (.+)$'
2025-07-14T12:26:04.983587Z DESKTOP-19SQ3SL shtest_compiler[3392]: [DEBUG] canonize_action: Checking alias 'effacer le dossier {path}'
2025-07-14T12:26:04.983587Z DESKTOP-19SQ3SL shtest_compiler[3392]: [DEBUG] canonize_action: Testing alias regex '(?i)^effacer\ le\ dossier\ (.+)$'
2025-07-14T12:26:04.983587Z DESKTOP-19SQ3SL shtest_compiler[3392]: [DEBUG] canonize_action: Checking alias 'enlever le dossier {path}'
2025-07-14T12:26:04.983587Z DESKTOP-19SQ3SL shtest_compiler[3392]: [DEBUG] canonize_action: Testing alias regex '(?i)^enlever\ le\ dossier\ (.+)$'
2025-07-14T12:26:04.983587Z DESKTOP-19SQ3SL shtest_compiler[3392]: [DEBUG] canonize_action: Checking alias 'retirer le dossier {path}'
2025-07-14T12:26:04.983587Z DESKTOP-19SQ3SL shtest_compiler[3392]: [DEBUG] canonize_action: Testing alias regex '(?i)^retirer\ le\ dossier\ (.+)$'
2025-07-14T12:26:04.983587Z DESKTOP-19SQ3SL shtest_compiler[3392]: [DEBUG] canonize_action: Checking alias '^rm -rf (.+)$'
2025-07-14T12:26:04.983587Z DESKTOP-19SQ3SL shtest_compiler[3392]: [DEBUG] canonize_action: Testing regex alias '^rm -rf (.+)$'
2025-07-14T12:26:04.983587Z DESKTOP-19SQ3SL shtest_compiler[3392]: [DEBUG] canonize_action: Checking pattern 'Copier le dossier {src} vers {dest}' with handler 'copy_dir'
2025-07-14T12:26:04.983587Z DESKTOP-19SQ3SL shtest_compiler[3392]: [DEBUG] canonize_action: Testing regex pattern '(?i)^Copier\ le\ dossier\ (.+)\ vers\ (.+)$'
2025-07-14T12:26:04.983587Z DESKTOP-19SQ3SL shtest_compiler[3392]: [DEBUG] canonize_action: Checking alias 'dupliquer le dossier {src} vers {dest}'
2025-07-14T12:26:04.983587Z DESKTOP-19SQ3SL shtest_compiler[3392]: [DEBUG] canonize_action: Testing alias regex '(?i)^dupliquer\ le\ dossier\ (.+)\ vers\ (.+)$'
2025-07-14T12:26:04.983587Z DESKTOP-19SQ3SL shtest_compiler[3392]: [DEBUG] canonize_action: Checking alias 'copier le dossier {src} à {dest}'
2025-07-14T12:26:04.983587Z DESKTOP-19SQ3SL shtest_compiler[3392]: [DEBUG] canonize_action: Testing alias regex '(?i)^copier\ le\ dossier\ (.+)\ à\ (.+)$'
2025-07-14T12:26:04.983587Z DESKTOP-19SQ3SL shtest_compiler[3392]: [DEBUG] canonize_action: Checking alias '^cp -r (.+) (.+)$'
2025-07-14T12:26:04.983587Z DESKTOP-19SQ3SL shtest_compiler[3392]: [DEBUG] canonize_action: Testing regex alias '^cp -r (.+) (.+)$'
2025-07-14T12:26:04.983587Z DESKTOP-19SQ3SL shtest_compiler[3392]: [DEBUG] canonize_action: Checking pattern 'Déplacer le dossier {src} vers {dest}' with handler 'move_dir'
2025-07-14T12:26:04.983587Z DESKTOP-19SQ3SL shtest_compiler[3392]: [DEBUG] canonize_action: Testing regex pattern '(?i)^Déplacer\ le\ dossier\ (.+)\ vers\ (.+)$'
2025-07-14T12:26:04.983587Z DESKTOP-19SQ3SL shtest_compiler[3392]: [DEBUG] canonize_action: Checking alias 'déplacer le dossier {src} à {dest}'
2025-07-14T12:26:04.983587Z DESKTOP-19SQ3SL shtest_compiler[3392]: [DEBUG] canonize_action: Testing alias regex '(?i)^déplacer\ le\ dossier\ (.+)\ à\ (.+)$'
2025-07-14T12:26:04.983587Z DESKTOP-19SQ3SL shtest_compiler[3392]: [DEBUG] canonize_action: Checking alias '^mv (.+) (.+)$'
2025-07-14T12:26:04.983587Z DESKTOP-19SQ3SL shtest_compiler[3392]: [DEBUG] canonize_action: Testing regex alias '^mv (.+) (.+)$'
2025-07-14T12:26:04.983587Z DESKTOP-19SQ3SL shtest_compiler[3392]: [DEBUG] canonize_action: Checking pattern 'Purger le répertoire {path}' with handler 'purge_dir'
2025-07-14T12:26:04.983587Z DESKTOP-19SQ3SL shtest_compiler[3392]: [DEBUG] canonize_action: Testing regex pattern '(?i)^Purger\ le\ répertoire\ (.+)$'
2025-07-14T12:26:04.983587Z DESKTOP-19SQ3SL shtest_compiler[3392]: [DEBUG] canonize_action: Checking alias 'vider le répertoire {path}'
2025-07-14T12:26:04.983587Z DESKTOP-19SQ3SL shtest_compiler[3392]: [DEBUG] canonize_action: Testing alias regex '(?i)^vider\ le\ répertoire\ (.+)$'
2025-07-14T12:26:04.983587Z DESKTOP-19SQ3SL shtest_compiler[3392]: [DEBUG] canonize_action: Checking alias 'nettoyer le répertoire {path}'
2025-07-14T12:26:04.983587Z DESKTOP-19SQ3SL shtest_compiler[3392]: [DEBUG] canonize_action: Testing alias regex '(?i)^nettoyer\ le\ répertoire\ (.+)$'
2025-07-14T12:26:04.983587Z DESKTOP-19SQ3SL shtest_compiler[3392]: [DEBUG] canonize_action: Checking alias '^rm -rf (.+)/\\*$'
2025-07-14T12:26:04.983587Z DESKTOP-19SQ3SL shtest_compiler[3392]: [DEBUG] canonize_action: Testing regex alias '^rm -rf (.+)/\\*$'
2025-07-14T12:26:04.983587Z DESKTOP-19SQ3SL shtest_compiler[3392]: [DEBUG] canonize_action: Checking pattern 'Créer le fichier {path}' with handler 'create_file'
2025-07-14T12:26:04.983587Z DESKTOP-19SQ3SL shtest_compiler[3392]: [DEBUG] canonize_action: Testing regex pattern '(?i)^Créer\ le\ fichier\ (.+)$'
2025-07-14T12:26:04.983587Z DESKTOP-19SQ3SL shtest_compiler[3392]: [DEBUG] canonize_action: Checking alias 'créer un fichier {path}'
2025-07-14T12:26:04.983587Z DESKTOP-19SQ3SL shtest_compiler[3392]: [DEBUG] canonize_action: Testing alias regex '(?i)^créer\ un\ fichier\ (.+)$'
2025-07-14T12:26:04.983587Z DESKTOP-19SQ3SL shtest_compiler[3392]: [DEBUG] canonize_action: Checking alias 'faire un fichier {path}'
2025-07-14T12:26:04.984587Z DESKTOP-19SQ3SL shtest_compiler[3392]: [DEBUG] canonize_action: Testing alias regex '(?i)^faire\ un\ fichier\ (.+)$'
2025-07-14T12:26:04.984587Z DESKTOP-19SQ3SL shtest_compiler[3392]: [DEBUG] canonize_action: Checking alias 'générer le fichier {path}'
2025-07-14T12:26:04.984587Z DESKTOP-19SQ3SL shtest_compiler[3392]: [DEBUG] canonize_action: Testing alias regex '(?i)^générer\ le\ fichier\ (.+)$'
2025-07-14T12:26:04.984587Z DESKTOP-19SQ3SL shtest_compiler[3392]: [DEBUG] canonize_action: Checking alias 'nouveau fichier {path}'
2025-07-14T12:26:04.984587Z DESKTOP-19SQ3SL shtest_compiler[3392]: [DEBUG] canonize_action: Testing alias regex '(?i)^nouveau\ fichier\ (.+)$'
2025-07-14T12:26:04.984587Z DESKTOP-19SQ3SL shtest_compiler[3392]: [DEBUG] canonize_action: Checking alias 'cr[ée]er le fichier (.+)'
2025-07-14T12:26:04.984587Z DESKTOP-19SQ3SL shtest_compiler[3392]: [DEBUG] canonize_action: Checking alias '^touch (.+)$'
2025-07-14T12:26:04.984587Z DESKTOP-19SQ3SL shtest_compiler[3392]: [DEBUG] canonize_action: Testing regex alias '^touch (.+)$'
2025-07-14T12:26:04.984587Z DESKTOP-19SQ3SL shtest_compiler[3392]: [DEBUG] canonize_action: Checking pattern 'Supprimer le fichier {path}' with handler 'delete_file'
2025-07-14T12:26:04.984587Z DESKTOP-19SQ3SL shtest_compiler[3392]: [DEBUG] canonize_action: Testing regex pattern '(?i)^Supprimer\ le\ fichier\ (.+)$'
2025-07-14T12:26:04.984587Z DESKTOP-19SQ3SL shtest_compiler[3392]: [DEBUG] canonize_action: Checking alias 'effacer le fichier {path}'
2025-07-14T12:26:04.984587Z DESKTOP-19SQ3SL shtest_compiler[3392]: [DEBUG] canonize_action: Testing alias regex '(?i)^effacer\ le\ fichier\ (.+)$'
2025-07-14T12:26:04.984587Z DESKTOP-19SQ3SL shtest_compiler[3392]: [DEBUG] canonize_action: Checking alias 'enlever le fichier {path}'
2025-07-14T12:26:04.984587Z DESKTOP-19SQ3SL shtest_compiler[3392]: [DEBUG] canonize_action: Testing alias regex '(?i)^enlever\ le\ fichier\ (.+)$'
2025-07-14T12:26:04.984587Z DESKTOP-19SQ3SL shtest_compiler[3392]: [DEBUG] canonize_action: Checking alias 'retirer le fichier {path}'
2025-07-14T12:26:04.984587Z DESKTOP-19SQ3SL shtest_compiler[3392]: [DEBUG] canonize_action: Testing alias regex '(?i)^retirer\ le\ fichier\ (.+)$'
2025-07-14T12:26:04.984587Z DESKTOP-19SQ3SL shtest_compiler[3392]: [DEBUG] canonize_action: Checking alias '^rm (.+)$'
2025-07-14T12:26:04.984587Z DESKTOP-19SQ3SL shtest_compiler[3392]: [DEBUG] canonize_action: Testing regex alias '^rm (.+)$'
2025-07-14T12:26:04.984587Z DESKTOP-19SQ3SL shtest_compiler[3392]: [DEBUG] canonize_action: Checking pattern 'Copier le fichier {src} vers {dest}' with handler 'copy_file'
2025-07-14T12:26:04.984587Z DESKTOP-19SQ3SL shtest_compiler[3392]: [DEBUG] canonize_action: Testing regex pattern '(?i)^Copier\ le\ fichier\ (.+)\ vers\ (.+)$'
2025-07-14T12:26:04.984587Z DESKTOP-19SQ3SL shtest_compiler[3392]: [DEBUG] canonize_action: Checking alias 'dupliquer le fichier {src} vers {dest}'
2025-07-14T12:26:04.984587Z DESKTOP-19SQ3SL shtest_compiler[3392]: [DEBUG] canonize_action: Testing alias regex '(?i)^dupliquer\ le\ fichier\ (.+)\ vers\ (.+)$'
2025-07-14T12:26:04.984587Z DESKTOP-19SQ3SL shtest_compiler[3392]: [DEBUG] canonize_action: Checking alias 'copier le fichier {src} à {dest}'
2025-07-14T12:26:04.984587Z DESKTOP-19SQ3SL shtest_compiler[3392]: [DEBUG] canonize_action: Testing alias regex '(?i)^copier\ le\ fichier\ (.+)\ à\ (.+)$'
2025-07-14T12:26:04.984587Z DESKTOP-19SQ3SL shtest_compiler[3392]: [DEBUG] canonize_action: Checking alias '^cp (.+) (.+)$'
2025-07-14T12:26:04.984587Z DESKTOP-19SQ3SL shtest_compiler[3392]: [DEBUG] canonize_action: Testing regex alias '^cp (.+) (.+)$'
2025-07-14T12:26:04.984587Z DESKTOP-19SQ3SL shtest_compiler[3392]: [DEBUG] canonize_action: Checking alias 'copier le fichier {src} vers {dest}'
2025-07-14T12:26:04.984587Z DESKTOP-19SQ3SL shtest_compiler[3392]: [DEBUG] canonize_action: Testing alias regex '(?i)^copier\ le\ fichier\ (.+)\ vers\ (.+)$'
2025-07-14T12:26:04.984587Z DESKTOP-19SQ3SL shtest_compiler[3392]: [DEBUG] canonize_action: Checking pattern 'Déplacer le fichier {src} vers {dest}' with handler 'move_file'
2025-07-14T12:26:04.984587Z DESKTOP-19SQ3SL shtest_compiler[3392]: [DEBUG] canonize_action: Testing regex pattern '(?i)^Déplacer\ le\ fichier\ (.+)\ vers\ (.+)$'
2025-07-14T12:26:04.984587Z DESKTOP-19SQ3SL shtest_compiler[3392]: [DEBUG] canonize_action: Checking alias 'déplacer le fichier {src} à {dest}'
2025-07-14T12:26:04.984587Z DESKTOP-19SQ3SL shtest_compiler[3392]: [DEBUG] canonize_action: Testing alias regex '(?i)^déplacer\ le\ fichier\ (.+)\ à\ (.+)$'
2025-07-14T12:26:04.984587Z DESKTOP-19SQ3SL shtest_compiler[3392]: [DEBUG] canonize_action: Checking alias '^mv (.+) (.+)$'
2025-07-14T12:26:04.984587Z DESKTOP-19SQ3SL shtest_compiler[3392]: [DEBUG] canonize_action: Testing regex alias '^mv (.+) (.+)$'
2025-07-14T12:26:04.984587Z DESKTOP-19SQ3SL shtest_compiler[3392]: [DEBUG] canonize_action: Checking alias 'déplacer le fichier {src} vers {dest}'
2025-07-14T12:26:04.985587Z DESKTOP-19SQ3SL shtest_compiler[3392]: [DEBUG] canonize_action: Testing alias regex '(?i)^déplacer\ le\ fichier\ (.+)\ vers\ (.+)$'
2025-07-14T12:26:04.985587Z DESKTOP-19SQ3SL shtest_compiler[3392]: [DEBUG] canonize_action: Checking pattern 'Afficher le contenu du fichier {path}' with handler 'cat_file'
2025-07-14T12:26:04.985587Z DESKTOP-19SQ3SL shtest_compiler[3392]: [DEBUG] canonize_action: Testing regex pattern '(?i)^Afficher\ le\ contenu\ du\ fichier\ (.+)$'
2025-07-14T12:26:04.985587Z DESKTOP-19SQ3SL shtest_compiler[3392]: [DEBUG] canonize_action: Checking alias 'afficher le contenu du fichier = {path}'
2025-07-14T12:26:04.985587Z DESKTOP-19SQ3SL shtest_compiler[3392]: [DEBUG] canonize_action: Testing alias regex '(?i)^afficher\ le\ contenu\ du\ fichier\ =\ (.+)$'
2025-07-14T12:26:04.985587Z DESKTOP-19SQ3SL shtest_compiler[3392]: [DEBUG] canonize_action: Checking alias 'cat le fichier = {path}'
2025-07-14T12:26:04.985587Z DESKTOP-19SQ3SL shtest_compiler[3392]: [DEBUG] canonize_action: Testing alias regex '(?i)^cat\ le\ fichier\ =\ (.+)$'
2025-07-14T12:26:04.985587Z DESKTOP-19SQ3SL shtest_compiler[3392]: [DEBUG] canonize_action: Checking alias 'lire le fichier = {path}'
2025-07-14T12:26:04.985587Z DESKTOP-19SQ3SL shtest_compiler[3392]: [DEBUG] canonize_action: Testing alias regex '(?i)^lire\ le\ fichier\ =\ (.+)$'
2025-07-14T12:26:04.985587Z DESKTOP-19SQ3SL shtest_compiler[3392]: [DEBUG] canonize_action: Checking alias 'voir le contenu du fichier = {path}'
2025-07-14T12:26:04.985587Z DESKTOP-19SQ3SL shtest_compiler[3392]: [DEBUG] canonize_action: Testing alias regex '(?i)^voir\ le\ contenu\ du\ fichier\ =\ (.+)$'
2025-07-14T12:26:04.985587Z DESKTOP-19SQ3SL shtest_compiler[3392]: [DEBUG] canonize_action: Checking alias 'consulter le fichier = {path}'
2025-07-14T12:26:04.985587Z DESKTOP-19SQ3SL shtest_compiler[3392]: [DEBUG] canonize_action: Testing alias regex '(?i)^consulter\ le\ fichier\ =\ (.+)$'
2025-07-14T12:26:04.985587Z DESKTOP-19SQ3SL shtest_compiler[3392]: [DEBUG] canonize_action: Checking alias 'ouvrir le fichier = {path}'
2025-07-14T12:26:04.985587Z DESKTOP-19SQ3SL shtest_compiler[3392]: [DEBUG] canonize_action: Testing alias regex '(?i)^ouvrir\ le\ fichier\ =\ (.+)$'
2025-07-14T12:26:04.985587Z DESKTOP-19SQ3SL shtest_compiler[3392]: [DEBUG] canonize_action: Checking alias '^cat (.+)$'
2025-07-14T12:26:04.985587Z DESKTOP-19SQ3SL shtest_compiler[3392]: [DEBUG] canonize_action: Testing regex alias '^cat (.+)$'
2025-07-14T12:26:04.985587Z DESKTOP-19SQ3SL shtest_compiler[3392]: [DEBUG] canonize_action: Checking alias '^afficher le contenu du fichier = (.+)$'
2025-07-14T12:26:04.985587Z DESKTOP-19SQ3SL shtest_compiler[3392]: [DEBUG] canonize_action: Testing regex alias '^afficher le contenu du fichier = (.+)$'
2025-07-14T12:26:04.985587Z DESKTOP-19SQ3SL shtest_compiler[3392]: [DEBUG] canonize_action: Checking alias '^lire le fichier = (.+)$'
2025-07-14T12:26:04.985587Z DESKTOP-19SQ3SL shtest_compiler[3392]: [DEBUG] canonize_action: Testing regex alias '^lire le fichier = (.+)$'
2025-07-14T12:26:04.985587Z DESKTOP-19SQ3SL shtest_compiler[3392]: [DEBUG] canonize_action: Checking alias 'voir le contenu du fichier {path}'
2025-07-14T12:26:04.985587Z DESKTOP-19SQ3SL shtest_compiler[3392]: [DEBUG] canonize_action: Testing alias regex '(?i)^voir\ le\ contenu\ du\ fichier\ (.+)$'
2025-07-14T12:26:04.985587Z DESKTOP-19SQ3SL shtest_compiler[3392]: [DEBUG] canonize_action: Checking alias 'lire le fichier {path}'
2025-07-14T12:26:04.985587Z DESKTOP-19SQ3SL shtest_compiler[3392]: [DEBUG] canonize_action: Testing alias regex '(?i)^lire\ le\ fichier\ (.+)$'
2025-07-14T12:26:04.985587Z DESKTOP-19SQ3SL shtest_compiler[3392]: [DEBUG] canonize_action: Checking alias 'consulter le fichier {path}'
2025-07-14T12:26:04.985587Z DESKTOP-19SQ3SL shtest_compiler[3392]: [DEBUG] canonize_action: Testing alias regex '(?i)^consulter\ le\ fichier\ (.+)$'
2025-07-14T12:26:04.985587Z DESKTOP-19SQ3SL shtest_compiler[3392]: [DEBUG] canonize_action: Checking alias 'ouvrir le fichier {path}'
2025-07-14T12:26:04.985587Z DESKTOP-19SQ3SL shtest_compiler[3392]: [DEBUG] canonize_action: Testing alias regex '(?i)^ouvrir\ le\ fichier\ (.+)$'
2025-07-14T12:26:04.985587Z DESKTOP-19SQ3SL shtest_compiler[3392]: [DEBUG] canonize_action: Checking pattern 'Exécuter le script {script}' with handler 'run_script'
2025-07-14T12:26:04.985587Z DESKTOP-19SQ3SL shtest_compiler[3392]: [DEBUG] canonize_action: Testing regex pattern '(?i)^Exécuter\ le\ script\ (.+)$'
2025-07-14T12:26:04.985587Z DESKTOP-19SQ3SL shtest_compiler[3392]: [DEBUG] canonize_action: Checking alias 'exécuter {script}'
2025-07-14T12:26:04.985587Z DESKTOP-19SQ3SL shtest_compiler[3392]: [DEBUG] canonize_action: Testing alias regex '(?i)^exécuter\ (.+)$'
2025-07-14T12:26:04.985587Z DESKTOP-19SQ3SL shtest_compiler[3392]: [DEBUG] canonize_action: Found match with alias 'exécuter {script}'
2025-07-14T12:26:04.985587Z DESKTOP-19SQ3SL shtest_compiler[3392]: [DEBUG] get_action_shell_command: canonize_action matched handler 'run_script' for phrase 'Exécuter le script {script}'
2025-07-14T12:26:04.985587Z DESKTOP-19SQ3SL shtest_compiler[3392]: [DEBUG] get_action_shell_command: context={'action': 'exécuter /opt/batch/traitement.sh produit=123 quantité=10', 'handler': 'run_script', 'category': 'execution', 'variables': {'script': '/opt/batch/traitement.sh produit=123 quantité=10'}, 'requirements': {'required_variables': ['script'], 'optional_variables': [], 'scope': 'global', 'description': 'Execute a shell script', 'category': 'execution', 'validation_rules': {'script': {'type': 'script', 'required': True}}}, 'patterns_matched': [{'type': 'alias', 'pattern': 'exécuter {script}', 'config': {'type': 'action', 'phrase': 'Exécuter le script {script}', 'aliases': ['exécuter {script}', 'lancer {script}', 'traiter {script}', 'exécuter traitement.sh', 'lancer traitement.sh', 'traiter traitement.sh', '^sh (.+)$', 'lancer le script {script}', 'faire tourner le script {script}', 'démarrer le script {script}'], 'handler': 'run_script'}}], 'scope': 'global'}
2025-07-14T12:26:04.986587Z DESKTOP-19SQ3SL shtest_compiler[3392]: [DEBUG] get_action_shell_command: handler=run_script, variables={'script': '/opt/batch/traitement.sh produit=123 quantité=10'}
2025-07-14T12:26:04.986587Z DESKTOP-19SQ3SL shtest_compiler[3392]: [DEBUG] get_action_shell_command: Trying action handler: shtest_compiler.core.action_handlers.run_script
2025-07-14T12:26:04.986587Z DESKTOP-19SQ3SL shtest_compiler[3392]: [DEBUG] get_action_shell_command: Calling action handler with params={'context': {'action': 'exécuter /opt/batch/traitement.sh produit=123 quantité=10', 'handler': 'run_script', 'category': 'execution', 'variables': {'script': '/opt/batch/traitement.sh produit=123 quantité=10'}, 'requirements': {'required_variables': ['script'], 'optional_variables': [], 'scope': 'global', 'description': 'Execute a shell script', 'category': 'execution', 'validation_rules': {'script': {'type': 'script', 'required': True}}}, 'patterns_matched': [{'type': 'alias', 'pattern': 'exécuter {script}', 'config': {'type': 'action', 'phrase': 'Exécuter le script {script}', 'aliases': ['exécuter {script}', 'lancer {script}', 'traiter {script}', 'exécuter traitement.sh', 'lancer traitement.sh', 'traiter traitement.sh', '^sh (.+)$', 'lancer le script {script}', 'faire tourner le script {script}', 'démarrer le script {script}'], 'handler': 'run_script'}}], 'scope': 'global'}, 'script': '/opt/batch/traitement.sh produit=123 quantité=10'}
2025-07-14T12:26:04.986587Z DESKTOP-19SQ3SL shtest_compiler[3392]: [DEBUG] get_action_shell_command: Action handler returned=<shtest_compiler.core.action_handlers.run_script.RunScriptAction object at 0x00000255E5E0CB10>
2025-07-14T12:26:04.986587Z DESKTOP-19SQ3SL shtest_compiler[3392]: [DEBUG] get_action_shell_command: Generated shell command: sh '/opt/batch/traitement.sh produit=123 quantité=10'
2025-07-14T12:26:04.986587Z DESKTOP-19SQ3SL shtest_compiler[3392]: [DEBUG] compile_validation_expression called with: 'retour 0'
2025-07-14T12:26:04.986587Z DESKTOP-19SQ3SL shtest_compiler[3392]: [DEBUG] compile_validation_expression: Detected atomic expression, using compile_atomic
2025-07-14T12:26:04.986587Z DESKTOP-19SQ3SL shtest_compiler[3392]: [DEBUG] compile_atomic called with: expected='retour 0', varname='result', last_file_var=None, extracted_args=None, action_context={'command': 'exécuter /opt/batch/traitement.sh produit=123 quantité=10'}
2025-07-14T12:26:04.986587Z DESKTOP-19SQ3SL shtest_compiler[3392]: [DEBUG] compile_atomic: Trying to canonize validation: 'retour 0'
2025-07-14T12:26:04.986587Z DESKTOP-19SQ3SL shtest_compiler[3392]: [DEBUG] compile_atomic: canonize_validation('retour 0') result: {'phrase': '^retour ([0-9]+)$', 'handler': 'return_code', 'scope': 'last_action', 'pattern_entry': {'phrase': 'Retour {code}', 'handler': 'return_code', 'scope': 'last_action', 'opposite': {'phrase': 'Code retour inattendu'}, 'aliases': ['retour {code}', 'code retour {code}', 'le script retourne un code {code}', 'Le script retourne un code {code}', '^retour ([0-9]+)$', '^code retour ([0-9]+)$', '^le script retourne un code ([0-9]+)$', '^Le script retourne un code ([0-9]+)$']}, 'params': {'code': '0'}}
2025-07-14T12:26:04.986587Z DESKTOP-19SQ3SL shtest_compiler[3392]: [DEBUG] extract_context_from_action result: {'action': 'retour 0', 'handler': 'return_code', 'category': 'validation', 'variables': {'code': '0'}, 'requirements': {'required_variables': ['code'], 'optional_variables': [], 'scope': 'last_action', 'description': 'Check script return code', 'category': 'validation', 'validation_rules': {'code': {'type': 'code', 'required': True, 'pattern': '^[0-9]+$'}}}, 'patterns_matched': [{'type': 'phrase', 'pattern': 'Retour {code}', 'config': {'type': 'validation', 'phrase': 'Retour {code}', 'aliases': ['retour {code}', 'code retour {code}', 'le script retourne un code {code}', 'Le script retourne un code {code}', '^retour ([0-9]+)$', '^code retour ([0-9]+)$', '^le script retourne un code ([0-9]+)$', '^Le script retourne un code ([0-9]+)$'], 'handler': 'return_code', 'scope': 'last_action'}}], 'scope': 'last_action'}
2025-07-14T12:26:04.986587Z DESKTOP-19SQ3SL shtest_compiler[3392]: [DEBUG] Final params for handler: {'code': '0'}
2025-07-14T12:26:04.986587Z DESKTOP-19SQ3SL shtest_compiler[3392]: [PIPELINE_ERROR] [ERROR] ImportError: Handler 'dir_ready' (is_action=False) not found in core or plugins.
To implement this handler, create a Python file named 'dir_ready.py' 
in the appropriate directory: 
'shtest_compiler/core/handlers' for core, 
or 'shtest_compiler/plugins/<your_plugin>/handlers' for plugins. 
The handler should define a 'handle(params)' function.
Pattern entry for reference: {'phrase': 'Le dossier est prêt', 'handler': 'dir_ready', 'scope': 'last_action', 'opposite': {'phrase': 'Le dossier est absent'}, 'aliases': ['le dossier est prêt', 'dossier prêt', 'le dossier est cree', 'dossier cree', 'le dossier est créé', 'dossier créé', 'le dossier est cree', 'dossier cree', 'le dossier est créé', 'dossier créé', 'le dossier est present', 'dossier present', 'le dossier est vide', 'dossier vide', '^le dossier est prêt$', '^dossier prêt$', '^le dossier est cree$', '^dossier cree$', '^le dossier est créé$', '^dossier créé$', '^le dossier est present$', '^dossier present$', '^le dossier est vide$', '^dossier vide$']}
Traceback (most recent call last):
  File "C:\Users\Sventer\OneDrive\Documents\batch testing\src\shtest_compiler\command_loader.py", line 91, in find_handler
    mod = importlib.import_module(
          ^^^^^^^^^^^^^^^^^^^^^^^^
  File "C:\Program Files\WindowsApps\PythonSoftwareFoundation.Python.3.11_3.11.2544.0_x64__qbz5n2kfra8p0\Lib\importlib\__init__.py", line 126, in import_module
    return _bootstrap._gcd_import(name[level:], package, level)
           ^^^^^^^^^^^^^^^^^^^^^^^^^^^^^^^^^^^^^^^^^^^^^^^^^^^^
  File "<frozen importlib._bootstrap>", line 1204, in _gcd_import
  File "<frozen importlib._bootstrap>", line 1176, in _find_and_load
  File "<frozen importlib._bootstrap>", line 1140, in _find_and_load_unlocked
ModuleNotFoundError: No module named 'shtest_compiler.core.handlers.dir_ready'

During handling of the above exception, another exception occurred:

Traceback (most recent call last):
  File "C:\Users\Sventer\OneDrive\Documents\batch testing\src\shtest_compiler\compiler\shell_generator.py", line 136, in visit
    shellframework_ast = ShtestToShellFrameworkVisitor().visit(node)
                         ^^^^^^^^^^^^^^^^^^^^^^^^^^^^^^^^^^^^^^^^^^^
  File "C:\Users\Sventer\OneDrive\Documents\batch testing\src\shtest_compiler\ast\visitor.py", line 26, in visit
    return visitor_method(node)
           ^^^^^^^^^^^^^^^^^^^^
  File "C:\Users\Sventer\OneDrive\Documents\batch testing\src\shtest_compiler\ast\shtest_to_shellframework_visitor.py", line 250, in visit_shtestfile
    validation_lines = self.compile_validation_expression(
                       ^^^^^^^^^^^^^^^^^^^^^^^^^^^^^^^^^^^
  File "C:\Users\Sventer\OneDrive\Documents\batch testing\src\shtest_compiler\ast\shtest_to_shellframework_visitor.py", line 357, in compile_validation_expression
    return compile_atomic(
           ^^^^^^^^^^^^^^^
  File "C:\Users\Sventer\OneDrive\Documents\batch testing\src\shtest_compiler\compiler\atomic_compiler.py", line 95, in compile_atomic
    handler_registry, _, _ = build_registry()
                             ^^^^^^^^^^^^^^^^
  File "C:\Users\Sventer\OneDrive\Documents\batch testing\src\shtest_compiler\command_loader.py", line 132, in build_registry
    handler_registry[entry["handler"]] = find_handler(
                                         ^^^^^^^^^^^^^
  File "C:\Users\Sventer\OneDrive\Documents\batch testing\src\shtest_compiler\command_loader.py", line 121, in find_handler
    raise ImportError(error_msg)
ImportError: Handler 'dir_ready' (is_action=False) not found in core or plugins.
To implement this handler, create a Python file named 'dir_ready.py' 
in the appropriate directory: 
'shtest_compiler/core/handlers' for core, 
or 'shtest_compiler/plugins/<your_plugin>/handlers' for plugins. 
The handler should define a 'handle(params)' function.
Pattern entry for reference: {'phrase': 'Le dossier est prêt', 'handler': 'dir_ready', 'scope': 'last_action', 'opposite': {'phrase': 'Le dossier est absent'}, 'aliases': ['le dossier est prêt', 'dossier prêt', 'le dossier est cree', 'dossier cree', 'le dossier est créé', 'dossier créé', 'le dossier est cree', 'dossier cree', 'le dossier est créé', 'dossier créé', 'le dossier est present', 'dossier present', 'le dossier est vide', 'dossier vide', '^le dossier est prêt$', '^dossier prêt$', '^le dossier est cree$', '^dossier cree$', '^le dossier est créé$', '^dossier créé$', '^le dossier est present$', '^dossier present$', '^le dossier est vide$', '^dossier vide$']}

2025-07-14T12:26:04.986587Z DESKTOP-19SQ3SL shtest_compiler[3392]: [DEBUG] [ERROR] ImportError: Handler 'dir_ready' (is_action=False) not found in core or plugins.
To implement this handler, create a Python file named 'dir_ready.py' 
in the appropriate directory: 
'shtest_compiler/core/handlers' for core, 
or 'shtest_compiler/plugins/<your_plugin>/handlers' for plugins. 
The handler should define a 'handle(params)' function.
Pattern entry for reference: {'phrase': 'Le dossier est prêt', 'handler': 'dir_ready', 'scope': 'last_action', 'opposite': {'phrase': 'Le dossier est absent'}, 'aliases': ['le dossier est prêt', 'dossier prêt', 'le dossier est cree', 'dossier cree', 'le dossier est créé', 'dossier créé', 'le dossier est cree', 'dossier cree', 'le dossier est créé', 'dossier créé', 'le dossier est present', 'dossier present', 'le dossier est vide', 'dossier vide', '^le dossier est prêt$', '^dossier prêt$', '^le dossier est cree$', '^dossier cree$', '^le dossier est créé$', '^dossier créé$', '^le dossier est present$', '^dossier present$', '^le dossier est vide$', '^dossier vide$']}
2025-07-14T12:26:04.986587Z DESKTOP-19SQ3SL shtest_compiler[3392]: [DEBUG] Traceback (most recent call last):
  File "C:\Users\Sventer\OneDrive\Documents\batch testing\src\shtest_compiler\command_loader.py", line 91, in find_handler
    mod = importlib.import_module(
          ^^^^^^^^^^^^^^^^^^^^^^^^
  File "C:\Program Files\WindowsApps\PythonSoftwareFoundation.Python.3.11_3.11.2544.0_x64__qbz5n2kfra8p0\Lib\importlib\__init__.py", line 126, in import_module
    return _bootstrap._gcd_import(name[level:], package, level)
           ^^^^^^^^^^^^^^^^^^^^^^^^^^^^^^^^^^^^^^^^^^^^^^^^^^^^
  File "<frozen importlib._bootstrap>", line 1204, in _gcd_import
  File "<frozen importlib._bootstrap>", line 1176, in _find_and_load
  File "<frozen importlib._bootstrap>", line 1140, in _find_and_load_unlocked
ModuleNotFoundError: No module named 'shtest_compiler.core.handlers.dir_ready'

During handling of the above exception, another exception occurred:

Traceback (most recent call last):
  File "C:\Users\Sventer\OneDrive\Documents\batch testing\src\shtest_compiler\compiler\shell_generator.py", line 136, in visit
    shellframework_ast = ShtestToShellFrameworkVisitor().visit(node)
                         ^^^^^^^^^^^^^^^^^^^^^^^^^^^^^^^^^^^^^^^^^^^
  File "C:\Users\Sventer\OneDrive\Documents\batch testing\src\shtest_compiler\ast\visitor.py", line 26, in visit
    return visitor_method(node)
           ^^^^^^^^^^^^^^^^^^^^
  File "C:\Users\Sventer\OneDrive\Documents\batch testing\src\shtest_compiler\ast\shtest_to_shellframework_visitor.py", line 250, in visit_shtestfile
    validation_lines = self.compile_validation_expression(
                       ^^^^^^^^^^^^^^^^^^^^^^^^^^^^^^^^^^^
  File "C:\Users\Sventer\OneDrive\Documents\batch testing\src\shtest_compiler\ast\shtest_to_shellframework_visitor.py", line 357, in compile_validation_expression
    return compile_atomic(
           ^^^^^^^^^^^^^^^
  File "C:\Users\Sventer\OneDrive\Documents\batch testing\src\shtest_compiler\compiler\atomic_compiler.py", line 95, in compile_atomic
    handler_registry, _, _ = build_registry()
                             ^^^^^^^^^^^^^^^^
  File "C:\Users\Sventer\OneDrive\Documents\batch testing\src\shtest_compiler\command_loader.py", line 132, in build_registry
    handler_registry[entry["handler"]] = find_handler(
                                         ^^^^^^^^^^^^^
  File "C:\Users\Sventer\OneDrive\Documents\batch testing\src\shtest_compiler\command_loader.py", line 121, in find_handler
    raise ImportError(error_msg)
ImportError: Handler 'dir_ready' (is_action=False) not found in core or plugins.
To implement this handler, create a Python file named 'dir_ready.py' 
in the appropriate directory: 
'shtest_compiler/core/handlers' for core, 
or 'shtest_compiler/plugins/<your_plugin>/handlers' for plugins. 
The handler should define a 'handle(params)' function.
Pattern entry for reference: {'phrase': 'Le dossier est prêt', 'handler': 'dir_ready', 'scope': 'last_action', 'opposite': {'phrase': 'Le dossier est absent'}, 'aliases': ['le dossier est prêt', 'dossier prêt', 'le dossier est cree', 'dossier cree', 'le dossier est créé', 'dossier créé', 'le dossier est cree', 'dossier cree', 'le dossier est créé', 'dossier créé', 'le dossier est present', 'dossier present', 'le dossier est vide', 'dossier vide', '^le dossier est prêt$', '^dossier prêt$', '^le dossier est cree$', '^dossier cree$', '^le dossier est créé$', '^dossier créé$', '^le dossier est present$', '^dossier present$', '^le dossier est vide$', '^dossier vide$']}

2025-07-14T12:26:04.986587Z DESKTOP-19SQ3SL shtest_compiler[3392]: [DEBUG] Compiled C:\Users\Sventer\OneDrive\Documents\batch testing\src\testing\tests\to_implement\test_case_2.shtest -> C:\Users\Sventer\OneDrive\Documents\batch testing\src\testing\tests\to_implement\test_case_2.sh
